
[1m[46m RUN [49m[22m [36mv4.0.18 [39m[90m/home/shain/Portfolios/portfolios[39m

 [31m❯[39m dist-phantom/lib/performance_edges.test.js [2m([22m[2m0 test[22m[2m)[22m
 [31m❯[39m dist-phantom/lib/dashboard.test.js [2m([22m[2m0 test[22m[2m)[22m
 [31m❯[39m dist-phantom/lib/performance_repro.test.js [2m([22m[2m0 test[22m[2m)[22m
 [31m❯[39m dist-phantom/lib/performance_period.test.js [2m([22m[2m0 test[22m[2m)[22m
 [31m❯[39m dist-phantom/lib/gain_currency.test.js [2m([22m[2m0 test[22m[2m)[22m
 [31m❯[39m dist-phantom/lib/performance.test.js [2m([22m[2m0 test[22m[2m)[22m
 [31m❯[39m dist-phantom/lib/unvested_gain.test.js [2m([22m[2m0 test[22m[2m)[22m
 [31m❯[39m src/lib/dashboard_movers.test.ts [2m([22m[2m5 tests[22m[2m | [22m[31m4 failed[39m[2m)[22m[32m 119[2mms[22m[39m
     [32m✓[39m should deduplicate entries for same ticker (Fix)[32m 37[2mms[22m[39m
[31m     [31m×[31m should calculate weighted average pct for different personal performance[39m[32m 27[2mms[22m[39m
[31m     [31m×[31m should filter movers by value threshold[39m[32m 16[2mms[22m[39m
[31m     [31m×[31m should filter movers by pct threshold[39m[32m 8[2mms[22m[39m
[31m     [31m×[31m should use ILS threshold correctly[39m[32m 7[2mms[22m[39m
[90mstdout[2m | src/lib/data/repro_phantom_tax.test.ts[2m > [22m[2mFinanceEngine - Phantom Tax Reproduction[2m > [22m[2mshould NOT charge tax on a loss even if currency fluctuation looks like a gain (Never Lose Rule)
[22m[39mNominal Gain ILS: [33m5000[39m
Unrealized Tax Liability: [33m0[39m
Active Lot Cost USD: [90mundefined[39m

[90mstdout[2m | src/lib/data/repro_phantom_tax.test.ts[2m > [22m[2mFinanceEngine - Phantom Tax Reproduction[2m > [22m[2mshould ignore currency fluctuation in NOMINAL_GAIN mode (Foreign)
[22m[39mNOMINAL Mode - Nominal Gain ILS: [33m10000[39m
NOMINAL Mode - Tax Liability: [33m0[39m

[90mstdout[2m | src/lib/data/repro_phantom_tax.test.ts[2m > [22m[2mFinanceEngine - Phantom Tax Reproduction[2m > [22m[2mshould apply "Never Lose" to Domestic CPI assets (Deflation)
[22m[39mDeflation - Nominal Gain ILS: [33m1000[39m
Deflation - Taxable Gain ILS: [33m1000[39m

[90mstdout[2m | src/lib/data/repro_phantom_tax.test.ts[2m > [22m[2mFinanceEngine - Phantom Tax Reproduction[2m > [22m[2mshould handle USD stock bought in ILS without Phantom Tax (requires fixed USD Cost)
[22m[39mILS Buy - Nominal Gain ILS: [33m5000[39m
ILS Buy - Taxable: [33m0[39m
Active Lot Cost USD: [90mundefined[39m

[90mstdout[2m | src/lib/data/repro_phantom_tax.test.ts[2m > [22m[2mFinanceEngine - Phantom Tax Reproduction[2m > [22m[2mshould be Conservative on Double Loss (Foreign Deflation + Price Drop)
[22m[39mDouble Loss - Nominal: [33m-236.25[39m
Double Loss - Taxable: [33m-6750[39m

[90mstdout[2m | src/lib/data/repro_phantom_tax.test.ts[2m > [22m[2mFinanceEngine - Phantom Tax Reproduction[2m > [22m[2mshould have Positive Tax on Negative Gain IF incTax (RSU) is present
[22m[39mRSU Loss - Gain ILS: [33m-4000[39m
RSU Loss - Tax ILS: [33m-1000[39m

[90mstdout[2m | src/lib/data/repro_phantom_tax.test.ts[2m > [22m[2mFinanceEngine - Phantom Tax Reproduction[2m > [22m[2mshould Reproduce "Positive Tax on Negative Gain" via Foreign Nominal Mismatch
[22m[39mMismatch - Nominal Gain ILS: [33m-7000[39m
Mismatch - Tax ILS: [33m750[39m

 [31m❯[39m src/lib/data/adjusted_cost.test.ts [2m([22m[2m3 tests[22m[2m | [22m[31m2 failed[39m[2m)[22m[32m 74[2mms[22m[39m
     [32m✓[39m should calculate CPI-adjusted cost for Domestic (ILS) assets[32m 18[2mms[22m[39m
[31m     [31m×[31m should calculate Currency-adjusted cost for Foreign (USD) assets when ILS devalues (Inflation)[39m[32m 38[2mms[22m[39m
[31m     [31m×[31m should calculate Currency-adjusted cost for Foreign (USD) assets when ILS appreciates (Deflation)[39m[32m 5[2mms[22m[39m
 [31m❯[39m src/lib/data/repro_phantom_tax.test.ts [2m([22m[2m7 tests[22m[2m | [22m[31m1 failed[39m[2m)[22m[32m 73[2mms[22m[39m
     [32m✓[39m should NOT charge tax on a loss even if currency fluctuation looks like a gain (Never Lose Rule)[32m 26[2mms[22m[39m
     [32m✓[39m should ignore currency fluctuation in NOMINAL_GAIN mode (Foreign)[32m 3[2mms[22m[39m
     [32m✓[39m should apply "Never Lose" to Domestic CPI assets (Deflation)[32m 3[2mms[22m[39m
     [32m✓[39m should handle USD stock bought in ILS without Phantom Tax (requires fixed USD Cost)[32m 3[2mms[22m[39m
     [32m✓[39m should be Conservative on Double Loss (Foreign Deflation + Price Drop)[32m 4[2mms[22m[39m
[31m     [31m×[31m should have Positive Tax on Negative Gain IF incTax (RSU) is present[39m[32m 26[2mms[22m[39m
     [32m✓[39m should Reproduce "Positive Tax on Negative Gain" via Foreign Nominal Mismatch[32m 4[2mms[22m[39m
 [31m❯[39m dist-phantom/lib/data/engine.test.js [2m([22m[2m0 test[22m[2m)[22m
 [31m❯[39m dist-phantom/lib/utils/analysis.test.js [2m([22m[2m0 test[22m[2m)[22m
[90mstdout[2m | src/lib/utils/analysis.test.ts
[22m[39m
--- Test: Synchronize Series (Strict Date Matching) ---
✅ PASS: Synced series length matches intersection
✅ PASS: Pair 1 correct
✅ PASS: Pair 2 correct

--- Test: Synchronize Three Series ---
✅ PASS: Synced series length should be 1
✅ PASS: Triple values correct

--- Test: Perfect Correlation ---
✅ PASS: Correlation is 1.0
✅ PASS: R^2 is 1.0
✅ PASS: Beta is 2.0
✅ PASS: Alpha is 5.0

--- Test: Inverse Correlation ---
✅ PASS: Correlation is -1.0
✅ PASS: Beta is -1.0

--- Test: No Correlation (Flat Y) ---
✅ PASS: Correlation is 0
✅ PASS: Beta is 0

--- Test: Normalize to Start ---
✅ PASS: Length matches
✅ PASS: Start is 1.0
✅ PASS: Point 2 is 2.0
✅ PASS: Point 3 is 0.5

--- Test: Calculate Returns ---
✅ PASS: Should have 2 return periods
✅ PASS: Return 1 X correct
✅ PASS: Return 2 X correct

--- Test: Downside Beta ---
Overall Beta: 1.25
✅ PASS: Downside Beta should be 0.5

--- Test: Downside Alpha ---
✅ PASS: Downside Beta for alpha test should be 1.0
✅ PASS: Downside Alpha should be 0.006

--- Test: Sharpe Ratio ---
✅ PASS: Sharpe Ratio Calculation

🎉 All analysis tests passed!

 [31m❯[39m src/lib/utils/analysis.test.ts [2m([22m[2m0 test[22m[2m)[22m
 [32m✓[39m src/lib/data/underlying_assets.test.ts [2m([22m[2m3 tests[22m[2m)[22m[32m 36[2mms[22m[39m
 [32m✓[39m src/lib/data/engine.test.ts [2m([22m[2m9 tests[22m[2m)[22m[32m 54[2mms[22m[39m
 [32m✓[39m src/lib/data/rsu_policy.test.ts [2m([22m[2m5 tests[22m[2m)[22m[32m 29[2mms[22m[39m
 [32m✓[39m src/lib/data/engine_realized_gain.test.ts [2m([22m[2m2 tests[22m[2m)[22m[32m 20[2mms[22m[39m
[90mstdout[2m | src/lib/data/engine_weekend_rates.test.ts[2m > [22m[2mengine correctly falls back to previous rate for weekend transactions
[22m[39mHoldings keys: [ [32m'p1_AAPL'[39m ]

 [32m✓[39m src/lib/data/engine_weekend_rates.test.ts [2m([22m[2m1 test[22m[2m)[22m[32m 20[2mms[22m[39m
 [32m✓[39m src/lib/data/unvested_calc.test.ts [2m([22m[2m2 tests[22m[2m)[22m[32m 35[2mms[22m[39m
 [32m✓[39m src/lib/data/tax_logic_alignment.test.ts [2m([22m[2m7 tests[22m[2m)[22m[32m 14[2mms[22m[39m
 [32m✓[39m src/lib/gain_currency.test.ts [2m([22m[2m1 test[22m[2m)[22m[32m 14[2mms[22m[39m
[90mstdout[2m | src/lib/fetching/matched_ticker.test.ts[2m > [22m[2mgetTickerData matching[2m > [22m[2mmatches numeric string ticker to securityId even if secId param is null
[22m[39m[getTickerData] Found TASE profile for 12345: {
  symbol: [32m'12345'[39m,
  name: [32m'Test Fund'[39m,
  exchange: [32m'TASE'[39m,
  securityId: [33m12345[39m,
  type: InstrumentClassification {
    type: [32m'MUTUAL_FUND'[39m,
    group: [32m'MUTUAL_FUND'[39m,
    nameEn: [32m'Mutual Fund'[39m,
    nameHe: [32m'קרן נאמנות'[39m,
    specificType: [32m'Fund'[39m
  },
  meta: { type: [32m'TASE'[39m, securityId: [33m12345[39m }
}

 [32m✓[39m src/lib/fetching/matched_ticker.test.ts [2m([22m[2m1 test[22m[2m)[22m[32m 25[2mms[22m[39m
[90mstdout[2m | src/lib/performance.test.ts[2m > [22m[2mPerformance Tests
[22m[39m
--- Test: Basic Buy & Hold (USD Stock, USD Display) ---

[90mstdout[2m | src/lib/performance.test.ts[2m > [22m[2mPerformance Tests
[22m[39m✅ PASS: Point for buy date exists
✅ PASS: MV at buy date
✅ PASS: Gains at buy date
✅ PASS: MV next day
✅ PASS: Gains next day

[90mstdout[2m | src/lib/performance.test.ts[2m > [22m[2mPerformance Tests
[22m[39m
--- Test: Currency Conversion (USD Stock, ILS Display) ---

[90mstdout[2m | src/lib/performance.test.ts[2m > [22m[2mPerformance Tests
[22m[39m✅ PASS: MV in ILS
✅ PASS: Gains in ILS

[90mstdout[2m | src/lib/performance.test.ts[2m > [22m[2mPerformance Tests
[22m[39m
--- Test: Partial Sell ---

[90mstdout[2m | src/lib/performance.test.ts[2m > [22m[2mPerformance Tests
[22m[39m✅ PASS: Gains before sell
✅ PASS: MV after sell
✅ PASS: Total gains after sell

[90mstdout[2m | src/lib/performance.test.ts[2m > [22m[2mPerformance Tests
[22m[39m
--- Test: Dividends ---

[90mstdout[2m | src/lib/performance.test.ts[2m > [22m[2mPerformance Tests
[22m[39m✅ PASS: Gains with dividend

[90mstdout[2m | src/lib/performance.test.ts[2m > [22m[2mPerformance Tests
[22m[39m
--- Test: DRIP (Dividend Reinvestment) ---

[90mstdout[2m | src/lib/performance.test.ts[2m > [22m[2mPerformance Tests
[22m[39m✅ PASS: Holdings Value (inc DRIP)
✅ PASS: Cost Basis (inc DRIP)
✅ PASS: Total Gains (Div Income)

[90mstdout[2m | src/lib/performance.test.ts[2m > [22m[2mPerformance Tests
[22m[39m✅ PASS: Total Gains (Accumulate Tax Free)

[90mstdout[2m | src/lib/performance.test.ts[2m > [22m[2mPerformance Tests
[22m[39m
--- Test: TWR with Deposit (End of Day Flow) ---

[90mstdout[2m | src/lib/performance.test.ts[2m > [22m[2mPerformance Tests
[22m[39m✅ PASS: TWR should increase
✅ PASS: TWR Calculation correct

[90mstdout[2m | src/lib/performance.test.ts[2m > [22m[2mPerformance Tests
[22m[39m
--- Test: Missing Price Data (Forward Fill) ---

[90mstdout[2m | src/lib/performance.test.ts[2m > [22m[2mPerformance Tests
[22m[39m✅ PASS: Should generate a point even if price is missing for GAP
✅ PASS: Should forward-fill last known price during gap

[90mstdout[2m | src/lib/performance.test.ts[2m > [22m[2mPerformance Tests
[22m[39m
--- Test: Intraday Wash (Day Trading) ---

[90mstdout[2m | src/lib/performance.test.ts[2m > [22m[2mPerformance Tests
[22m[39m✅ PASS: End of day holdings should be 0
✅ PASS: Realized gain should be captured

[90mstdout[2m | src/lib/performance.test.ts[2m > [22m[2mPerformance Tests
[22m[39m
--- Test: Zero Start TWR ---

[90mstdout[2m | src/lib/performance.test.ts[2m > [22m[2mPerformance Tests
[22m[39m✅ PASS: TWR should be 1.0 on funding day

[90mstdout[2m | src/lib/performance.test.ts[2m > [22m[2mPerformance Tests
[22m[39m
--- Test: Historical Cost Basis (originalPriceILA) ---

[90mstdout[2m | src/lib/performance.test.ts[2m > [22m[2mPerformance Tests
[22m[39m✅ PASS: Holdings Value (Current Rate)
✅ PASS: Cost Basis (Historical Rate)
✅ PASS: Gains = Value - Historical Cost

[90mstdout[2m | src/lib/performance.test.ts[2m > [22m[2mPerformance Tests
[22m[39m[Test FIFO] Cost Basis: 20
✅ PASS: FIFO Cost Basis (Should be 20)
✅ PASS: Total Gains (Realized + Unrealized)

[90mstdout[2m | src/lib/performance.test.ts[2m > [22m[2mPerformance Tests
[22m[39m
🎉 All performance tests passed!

[90mstdout[2m | src/lib/performance_repro.test.ts[2m > [22m[2mcalculatePeriodReturns - Reproduction[2m > [22m[2mshould verify Realized + Unrealized = Total Gain Value
[22m[39mGenerated Points: [
  { date: [32m'2024-01-01T00:00:00.000Z'[39m, val: [33m1000[39m },
  { date: [32m'2024-01-02T00:00:00.000Z'[39m, val: [33m550[39m },
  { date: [32m'2024-01-03T00:00:00.000Z'[39m, val: [33m600[39m },
  { date: [32m'2026-03-04T00:00:00.000Z'[39m, val: [33m600[39m }
]

[90mstdout[2m | src/lib/performance_repro.test.ts[2m > [22m[2mcalculatePeriodReturns - Reproduction[2m > [22m[2mshould demonstrate TWR vs Dollar Gain discrepancy (High TWR, Low $ Gain)
[22m[39mTWR Discrepancy Check: { aum: [33m1000200[39m, twr: [33m1[39m, actualGain: [33m100[39m, derivedGain: [33m500100[39m }
Gain All from Calculation: [33m100[39m

 [32m✓[39m src/lib/performance.test.ts [2m([22m[2m1 test[22m[2m)[22m[32m 40[2mms[22m[39m
 [32m✓[39m src/lib/performance_repro.test.ts [2m([22m[2m7 tests[22m[2m)[22m[32m 36[2mms[22m[39m
[90mstdout[2m | src/lib/performance_edges.test.ts[2m > [22m[2mcalculatePortfolioPerformance - Edge Cases[2m > [22m[2mshould correctly handle Dividends in Total Gain
[22m[39mmkFetch: Request NASDAQ:DIVSTART -> Key NASDAQ:DIVSTART, Found 2

[90mstdout[2m | src/lib/performance_edges.test.ts[2m > [22m[2mcalculatePortfolioPerformance - Edge Cases[2m > [22m[2mshould correctly handle Fees in Total Gain
[22m[39mmkFetch: Request NASDAQ:FEESTART -> Key NASDAQ:FEESTART, Found 2

[90mstdout[2m | src/lib/performance_edges.test.ts[2m > [22m[2mcalculatePortfolioPerformance - Edge Cases[2m > [22m[2mshould handle Intraday Buy and Sell (Day Trading)
[22m[39mmkFetch: Request NASDAQ:DAYTRADE -> Key NASDAQ:DAYTRADE, Found 2

[90mstdout[2m | src/lib/performance_edges.test.ts[2m > [22m[2mcalculatePortfolioPerformance - Edge Cases[2m > [22m[2mshould handle Currency Fluctuation (Stock Flat, Currency Moves)
[22m[39mmkFetch: Request LSE:EURSTOCK -> Key LSE:EURSTOCK, Found 2

 [32m✓[39m src/lib/performance_edges.test.ts [2m([22m[2m4 tests[22m[2m)[22m[32m 40[2mms[22m[39m
 [31m❯[39m src/lib/data/regression_calculations.test.ts [2m([22m[2m6 tests[22m[2m | [22m[31m4 failed[39m[2m)[22m[32m 72[2mms[22m[39m
     [32m✓[39m should calculate Nominal Gain correctly using historical rates (Prevent $7 vs $5 bug)[32m 16[2mms[22m[39m
     [32m✓[39m should track accurate cost basis in USD even when portfolio is ILS[32m 3[2mms[22m[39m
[31m     [31m×[31m should use historical cost basis in GroupHoldingLayers (UI)[39m[32m 30[2mms[22m[39m
[31m     [31m×[31m should correctly aggregate Real Cost vs Nominal Cost[39m[32m 5[2mms[22m[39m
[31m     [31m×[31m should use historical values for Fees[39m[32m 4[2mms[22m[39m
[31m     [31m×[31m should correctly aggregate Real Cost after Partial Sell[39m[32m 7[2mms[22m[39m
 [31m❯[39m src/lib/data/holding_utils.test.ts [2m([22m[2m7 tests[22m[2m | [22m[31m6 failed[39m[2m)[22m[32m 71[2mms[22m[39m
[31m       [31m×[31m returns default values for empty input[39m[32m 29[2mms[22m[39m
[31m       [31m×[31m aggregates values from multiple holdings correctly[39m[32m 6[2mms[22m[39m
[31m       [31m×[31m converts currencies correctly[39m[32m 4[2mms[22m[39m
[31m       [31m×[31m calculates weights correctly with patched values[39m[32m 10[2mms[22m[39m
       [32m✓[39m groups lots correctly - transferred vs sold[32m 5[2mms[22m[39m
[31m     [31m×[31m aggregates unvested value and quantity correctly[39m[32m 4[2mms[22m[39m
[31m     [31m×[31m handles mixed vested and unvested holdings[39m[32m 5[2mms[22m[39m
 [32m✓[39m src/lib/fetching/utils/normalization.test.ts [2m([22m[2m3 tests[22m[2m)[22m[32m 11[2mms[22m[39m
 [32m✓[39m src/lib/performance_period.test.ts [2m([22m[2m4 tests[22m[2m)[22m[32m 15[2mms[22m[39m
 [32m✓[39m src/lib/unvested_gain.test.ts [2m([22m[2m1 test[22m[2m)[22m[32m 11[2mms[22m[39m
 [31m❯[39m src/lib/dashboard.test.ts [2m([22m[2m5 tests[22m[2m | [22m[31m1 failed[39m[2m)[22m[32m 46[2mms[22m[39m
     [32m✓[39m should aggregate basic summary correctly[32m 9[2mms[22m[39m
     [32m✓[39m should exclude unvested from AUM[32m 2[2mms[22m[39m
     [32m✓[39m should handle currency conversion for ILS display[32m 1[2mms[22m[39m
     [32m✓[39m should calculate realized gain tax correctly[32m 1[2mms[22m[39m
[31m     [31m×[31m should use historical cost from lots for display currency[39m[32m 24[2mms[22m[39m
[90mstdout[2m | src/lib/holding_calculations.test.ts[2m > [22m[2mHolding Calculations
[22m[39m
--- Test: Unrealized Gain Logic (Nominal Gain in ILS) ---
ILS: Value 4400 - Cost 3500 = Gain 900
✅ PASS: ILS Gain is correct (Nominal 900)
USD: Value 1100 - Cost 1000 = Gain 100
✅ PASS: USD Gain is correct (100)

🎉 Holding Calculation Tests Passed!

 [32m✓[39m src/lib/holding_calculations.test.ts [2m([22m[2m1 test[22m[2m)[22m[32m 13[2mms[22m[39m
 [32m✓[39m src/lib/data/model_exchange.test.ts [2m([22m[2m2 tests[22m[2m | [22m[33m1 skipped[39m[2m)[22m[32m 20[2mms[22m[39m

[2m Test Files [22m [1m[31m16 failed[39m[22m[2m | [22m[1m[32m17 passed[39m[22m[90m (33)[39m
[2m      Tests [22m [1m[31m18 failed[39m[22m[2m | [22m[1m[32m68 passed[39m[22m[2m | [22m[33m1 skipped[39m[90m (87)[39m
[2m   Start at [22m 12:02:31
[2m   Duration [22m 4.32s[2m (transform 12.80s, setup 0ms, import 20.01s, tests 888ms, environment 16ms)[22m

